[12-Jul-2026 15:38:16 America/Bogota] PHP Fatal error:  Uncaught Error: Call to undefined function url() in C:\xampp\htdocs\streepsoft\app\views\home\index.php:25
Stack trace:
#0 C:\xampp\htdocs\streepsoft\app\core\Controller.php(37): require()
#1 C:\xampp\htdocs\streepsoft\app\controllers\PublicController.php(26): Controller->view('home/index', Array)
#2 C:\xampp\htdocs\streepsoft\public\index.php(205): PublicController->home()
#3 {main}
  thrown in C:\xampp\htdocs\streepsoft\app\views\home\index.php on line 25
[12-Jul-2026 17:58:20 America/Bogota] PHP Fatal error:  Uncaught Error: Call to undefined function url() in C:\xampp\htdocs\streepsoft\app\views\home\index.php:25
Stack trace:
#0 C:\xampp\htdocs\streepsoft\app\core\Controller.php(37): require()
#1 C:\xampp\htdocs\streepsoft\app\controllers\PublicController.php(26): Controller->view('home/index', Array)
#2 C:\xampp\htdocs\streepsoft\public\index.php(246): PublicController->home()
#3 {main}
  thrown in C:\xampp\htdocs\streepsoft\app\views\home\index.php on line 25
[12-Jul-2026 19:32:28 America/Bogota] PHP Fatal error:  Uncaught Error: Call to undefined function url() in C:\xampp\htdocs\streepsoft\app\views\home\index.php:25
Stack trace:
#0 C:\xampp\htdocs\streepsoft\app\core\Controller.php(37): require()
#1 C:\xampp\htdocs\streepsoft\app\controllers\PublicController.php(26): Controller->view('home/index', Array)
#2 C:\xampp\htdocs\streepsoft\public\index.php(246): PublicController->home()
#3 {main}
  thrown in C:\xampp\htdocs\streepsoft\app\views\home\index.php on line 25
[12-Jul-2026 19:37:40 America/Bogota] PHP Fatal error:  Uncaught Error: Call to undefined function url() in C:\xampp\htdocs\streepsoft\app\views\home\index.php:25
Stack trace:
#0 C:\xampp\htdocs\streepsoft\app\core\Controller.php(37): require()
#1 C:\xampp\htdocs\streepsoft\app\controllers\PublicController.php(26): Controller->view('home/index', Array)
#2 C:\xampp\htdocs\streepsoft\public\index.php(246): PublicController->home()
#3 {main}
  thrown in C:\xampp\htdocs\streepsoft\app\views\home\index.php on line 25
[12-Jul-2026 19:42:10 America/Bogota] PHP Fatal error:  Uncaught Error: Call to undefined function url() in C:\xampp\htdocs\streepsoft\app\views\home\index.php:25
Stack trace:
#0 C:\xampp\htdocs\streepsoft\app\core\Controller.php(37): require()
#1 C:\xampp\htdocs\streepsoft\app\controllers\PublicController.php(26): Controller->view('home/index', Array)
#2 C:\xampp\htdocs\streepsoft\public\index.php(246): PublicController->home()
#3 {main}
  thrown in C:\xampp\htdocs\streepsoft\app\views\home\index.php on line 25
[12-Jul-2026 19:42:14 America/Bogota] PHP Fatal error:  Uncaught Error: Call to undefined function url() in C:\xampp\htdocs\streepsoft\app\views\home\index.php:25
Stack trace:
#0 C:\xampp\htdocs\streepsoft\app\core\Controller.php(37): require()
#1 C:\xampp\htdocs\streepsoft\app\controllers\PublicController.php(26): Controller->view('home/index', Array)
#2 C:\xampp\htdocs\streepsoft\public\index.php(246): PublicController->home()
#3 {main}
  thrown in C:\xampp\htdocs\streepsoft\app\views\home\index.php on line 25
[12-Jul-2026 19:42:20 America/Bogota] PHP Fatal error:  Uncaught Error: Call to undefined function url() in C:\xampp\htdocs\streepsoft\app\views\home\index.php:25
Stack trace:
#0 C:\xampp\htdocs\streepsoft\app\core\Controller.php(37): require()
#1 C:\xampp\htdocs\streepsoft\app\controllers\PublicController.php(26): Controller->view('home/index', Array)
#2 C:\xampp\htdocs\streepsoft\public\index.php(246): PublicController->home()
#3 {main}
  thrown in C:\xampp\htdocs\streepsoft\app\views\home\index.php on line 25
[12-Jul-2026 19:44:28 America/Bogota] PHP Fatal error:  Uncaught Error: Call to undefined function url() in C:\xampp\htdocs\streepsoft\app\views\home\index.php:25
Stack trace:
#0 C:\xampp\htdocs\streepsoft\app\core\Controller.php(37): require()
#1 C:\xampp\htdocs\streepsoft\app\controllers\PublicController.php(26): Controller->view('home/index', Array)
#2 C:\xampp\htdocs\streepsoft\public\index.php(246): PublicController->home()
#3 {main}
  thrown in C:\xampp\htdocs\streepsoft\app\views\home\index.php on line 25
[12-Jul-2026 19:44:29 America/Bogota] PHP Fatal error:  Uncaught Error: Call to undefined function url() in C:\xampp\htdocs\streepsoft\app\views\home\index.php:25
Stack trace:
#0 C:\xampp\htdocs\streepsoft\app\core\Controller.php(37): require()
#1 C:\xampp\htdocs\streepsoft\app\controllers\PublicController.php(26): Controller->view('home/index', Array)
#2 C:\xampp\htdocs\streepsoft\public\index.php(246): PublicController->home()
#3 {main}
  thrown in C:\xampp\htdocs\streepsoft\app\views\home\index.php on line 25
[12-Jul-2026 19:44:29 America/Bogota] PHP Fatal error:  Uncaught Error: Call to undefined function url() in C:\xampp\htdocs\streepsoft\app\views\home\index.php:25
Stack trace:
#0 C:\xampp\htdocs\streepsoft\app\core\Controller.php(37): require()
#1 C:\xampp\htdocs\streepsoft\app\controllers\PublicController.php(26): Controller->view('home/index', Array)
#2 C:\xampp\htdocs\streepsoft\public\index.php(246): PublicController->home()
#3 {main}
  thrown in C:\xampp\htdocs\streepsoft\app\views\home\index.php on line 25
[12-Jul-2026 19:44:31 America/Bogota] PHP Fatal error:  Uncaught Error: Call to undefined function url() in C:\xampp\htdocs\streepsoft\app\views\home\index.php:25
Stack trace:
#0 C:\xampp\htdocs\streepsoft\app\core\Controller.php(37): require()
#1 C:\xampp\htdocs\streepsoft\app\controllers\PublicController.php(26): Controller->view('home/index', Array)
#2 C:\xampp\htdocs\streepsoft\public\index.php(246): PublicController->home()
#3 {main}
  thrown in C:\xampp\htdocs\streepsoft\app\views\home\index.php on line 25
[12-Jul-2026 19:44:32 America/Bogota] PHP Fatal error:  Uncaught Error: Call to undefined function url() in C:\xampp\htdocs\streepsoft\app\views\home\index.php:25
Stack trace:
#0 C:\xampp\htdocs\streepsoft\app\core\Controller.php(37): require()
#1 C:\xampp\htdocs\streepsoft\app\controllers\PublicController.php(26): Controller->view('home/index', Array)
#2 C:\xampp\htdocs\streepsoft\public\index.php(246): PublicController->home()
#3 {main}
  thrown in C:\xampp\htdocs\streepsoft\app\views\home\index.php on line 25
[12-Jul-2026 19:44:32 America/Bogota] PHP Fatal error:  Uncaught Error: Call to undefined function url() in C:\xampp\htdocs\streepsoft\app\views\home\index.php:25
Stack trace:
#0 C:\xampp\htdocs\streepsoft\app\core\Controller.php(37): require()
#1 C:\xampp\htdocs\streepsoft\app\controllers\PublicController.php(26): Controller->view('home/index', Array)
#2 C:\xampp\htdocs\streepsoft\public\index.php(246): PublicController->home()
#3 {main}
  thrown in C:\xampp\htdocs\streepsoft\app\views\home\index.php on line 25
[12-Jul-2026 19:44:32 America/Bogota] PHP Fatal error:  Uncaught Error: Call to undefined function url() in C:\xampp\htdocs\streepsoft\app\views\home\index.php:25
Stack trace:
#0 C:\xampp\htdocs\streepsoft\app\core\Controller.php(37): require()
#1 C:\xampp\htdocs\streepsoft\app\controllers\PublicController.php(26): Controller->view('home/index', Array)
#2 C:\xampp\htdocs\streepsoft\public\index.php(246): PublicController->home()
#3 {main}
  thrown in C:\xampp\htdocs\streepsoft\app\views\home\index.php on line 25
[12-Jul-2026 19:44:33 America/Bogota] PHP Fatal error:  Uncaught Error: Call to undefined function url() in C:\xampp\htdocs\streepsoft\app\views\home\index.php:25
Stack trace:
#0 C:\xampp\htdocs\streepsoft\app\core\Controller.php(37): require()
#1 C:\xampp\htdocs\streepsoft\app\controllers\PublicController.php(26): Controller->view('home/index', Array)
#2 C:\xampp\htdocs\streepsoft\public\index.php(246): PublicController->home()
#3 {main}
  thrown in C:\xampp\htdocs\streepsoft\app\views\home\index.php on line 25
[12-Jul-2026 19:45:01 America/Bogota] PHP Fatal error:  Uncaught Error: Call to undefined function url() in C:\xampp\htdocs\streepsoft\app\views\home\index.php:25
Stack trace:
#0 C:\xampp\htdocs\streepsoft\app\core\Controller.php(37): require()
#1 C:\xampp\htdocs\streepsoft\app\controllers\PublicController.php(26): Controller->view('home/index', Array)
#2 C:\xampp\htdocs\streepsoft\public\index.php(246): PublicController->home()
#3 {main}
  thrown in C:\xampp\htdocs\streepsoft\app\views\home\index.php on line 25
[12-Jul-2026 19:45:04 America/Bogota] PHP Fatal error:  Uncaught Error: Call to undefined function url() in C:\xampp\htdocs\streepsoft\app\views\home\index.php:25
Stack trace:
#0 C:\xampp\htdocs\streepsoft\app\core\Controller.php(37): require()
#1 C:\xampp\htdocs\streepsoft\app\controllers\PublicController.php(26): Controller->view('home/index', Array)
#2 C:\xampp\htdocs\streepsoft\public\index.php(246): PublicController->home()
#3 {main}
  thrown in C:\xampp\htdocs\streepsoft\app\views\home\index.php on line 25
[12-Jul-2026 19:45:05 America/Bogota] PHP Fatal error:  Uncaught Error: Call to undefined function url() in C:\xampp\htdocs\streepsoft\app\views\home\index.php:25
Stack trace:
#0 C:\xampp\htdocs\streepsoft\app\core\Controller.php(37): require()
#1 C:\xampp\htdocs\streepsoft\app\controllers\PublicController.php(26): Controller->view('home/index', Array)
#2 C:\xampp\htdocs\streepsoft\public\index.php(246): PublicController->home()
#3 {main}
  thrown in C:\xampp\htdocs\streepsoft\app\views\home\index.php on line 25
[12-Jul-2026 19:45:42 America/Bogota] PHP Fatal error:  Uncaught Error: Call to undefined function url() in C:\xampp\htdocs\streepsoft\app\views\home\index.php:25
Stack trace:
#0 C:\xampp\htdocs\streepsoft\app\core\Controller.php(37): require()
#1 C:\xampp\htdocs\streepsoft\app\controllers\PublicController.php(26): Controller->view('home/index', Array)
#2 C:\xampp\htdocs\streepsoft\public\index.php(246): PublicController->home()
#3 {main}
  thrown in C:\xampp\htdocs\streepsoft\app\views\home\index.php on line 25
[12-Jul-2026 20:33:51 America/Bogota] PHP Fatal error:  Uncaught Error: Call to undefined function url() in C:\xampp\htdocs\streepsoft\app\views\home\index.php:25
Stack trace:
#0 C:\xampp\htdocs\streepsoft\app\core\Controller.php(37): require()
#1 C:\xampp\htdocs\streepsoft\app\controllers\PublicController.php(26): Controller->view('home/index', Array)
#2 C:\xampp\htdocs\streepsoft\public\index.php(246): PublicController->home()
#3 {main}
  thrown in C:\xampp\htdocs\streepsoft\app\views\home\index.php on line 25
[12-Jul-2026 20:34:07 America/Bogota] PHP Fatal error:  Uncaught Error: Call to undefined function url() in C:\xampp\htdocs\streepsoft\app\views\home\index.php:25
Stack trace:
#0 C:\xampp\htdocs\streepsoft\app\core\Controller.php(37): require()
#1 C:\xampp\htdocs\streepsoft\app\controllers\PublicController.php(26): Controller->view('home/index', Array)
#2 C:\xampp\htdocs\streepsoft\public\index.php(246): PublicController->home()
#3 {main}
  thrown in C:\xampp\htdocs\streepsoft\app\views\home\index.php on line 25
[12-Jul-2026 20:35:31 America/Bogota] PHP Fatal error:  Uncaught Error: Call to undefined function url() in C:\xampp\htdocs\streepsoft\app\views\home\index.php:20
Stack trace:
#0 C:\xampp\htdocs\streepsoft\app\core\Controller.php(37): require()
#1 C:\xampp\htdocs\streepsoft\app\controllers\PublicController.php(26): Controller->view('home/index', Array)
#2 C:\xampp\htdocs\streepsoft\public\index.php(246): PublicController->home()
#3 {main}
  thrown in C:\xampp\htdocs\streepsoft\app\views\home\index.php on line 20
[12-Jul-2026 20:35:31 America/Bogota] PHP Fatal error:  Uncaught Error: Call to undefined function url() in C:\xampp\htdocs\streepsoft\app\views\home\index.php:20
Stack trace:
#0 C:\xampp\htdocs\streepsoft\app\core\Controller.php(37): require()
#1 C:\xampp\htdocs\streepsoft\app\controllers\PublicController.php(26): Controller->view('home/index', Array)
#2 C:\xampp\htdocs\streepsoft\public\index.php(246): PublicController->home()
#3 {main}
  thrown in C:\xampp\htdocs\streepsoft\app\views\home\index.php on line 20
[12-Jul-2026 20:35:41 America/Bogota] PHP Fatal error:  Uncaught Error: Call to undefined function url() in C:\xampp\htdocs\streepsoft\app\views\home\index.php:20
Stack trace:
#0 C:\xampp\htdocs\streepsoft\app\core\Controller.php(37): require()
#1 C:\xampp\htdocs\streepsoft\app\controllers\PublicController.php(26): Controller->view('home/index', Array)
#2 C:\xampp\htdocs\streepsoft\public\index.php(246): PublicController->home()
#3 {main}
  thrown in C:\xampp\htdocs\streepsoft\app\views\home\index.php on line 20
[12-Jul-2026 20:35:44 America/Bogota] PHP Fatal error:  Uncaught Error: Call to undefined function url() in C:\xampp\htdocs\streepsoft\app\views\home\index.php:20
Stack trace:
#0 C:\xampp\htdocs\streepsoft\app\core\Controller.php(37): require()
#1 C:\xampp\htdocs\streepsoft\app\controllers\PublicController.php(26): Controller->view('home/index', Array)
#2 C:\xampp\htdocs\streepsoft\public\index.php(246): PublicController->home()
#3 {main}
  thrown in C:\xampp\htdocs\streepsoft\app\views\home\index.php on line 20
[12-Jul-2026 20:39:09 America/Bogota] PHP Fatal error:  Uncaught Error: Call to undefined function url() in C:\xampp\htdocs\streepsoft\app\views\home\index.php:19
Stack trace:
#0 C:\xampp\htdocs\streepsoft\app\core\Controller.php(37): require()
#1 C:\xampp\htdocs\streepsoft\app\controllers\PublicController.php(26): Controller->view('home/index', Array)
#2 C:\xampp\htdocs\streepsoft\public\index.php(246): PublicController->home()
#3 {main}
  thrown in C:\xampp\htdocs\streepsoft\app\views\home\index.php on line 19
[12-Jul-2026 20:39:28 America/Bogota] PHP Fatal error:  Uncaught Error: Call to undefined function url() in C:\xampp\htdocs\streepsoft\app\views\home\index.php:21
Stack trace:
#0 C:\xampp\htdocs\streepsoft\app\core\Controller.php(37): require()
#1 C:\xampp\htdocs\streepsoft\app\controllers\PublicController.php(26): Controller->view('home/index', Array)
#2 C:\xampp\htdocs\streepsoft\public\index.php(246): PublicController->home()
#3 {main}
  thrown in C:\xampp\htdocs\streepsoft\app\views\home\index.php on line 21
[12-Jul-2026 20:43:26 America/Bogota] PHP Fatal error:  Uncaught Error: Call to undefined function url() in C:\xampp\htdocs\streepsoft\app\views\home\index.php:25
Stack trace:
#0 C:\xampp\htdocs\streepsoft\app\core\Controller.php(37): require()
#1 C:\xampp\htdocs\streepsoft\app\controllers\PublicController.php(26): Controller->view('home/index', Array)
#2 C:\xampp\htdocs\streepsoft\public\index.php(246): PublicController->home()
#3 {main}
  thrown in C:\xampp\htdocs\streepsoft\app\views\home\index.php on line 25
[12-Jul-2026 20:43:27 America/Bogota] PHP Fatal error:  Uncaught Error: Call to undefined function url() in C:\xampp\htdocs\streepsoft\app\views\home\index.php:25
Stack trace:
#0 C:\xampp\htdocs\streepsoft\app\core\Controller.php(37): require()
#1 C:\xampp\htdocs\streepsoft\app\controllers\PublicController.php(26): Controller->view('home/index', Array)
#2 C:\xampp\htdocs\streepsoft\public\index.php(246): PublicController->home()
#3 {main}
  thrown in C:\xampp\htdocs\streepsoft\app\views\home\index.php on line 25
[13-Jul-2026 01:47:11 America/Bogota] PHP Fatal error:  Uncaught Error: Call to undefined function url() in C:\xampp\htdocs\streepsoft\app\views\home\index.php:25
Stack trace:
#0 C:\xampp\htdocs\streepsoft\app\core\Controller.php(37): require()
#1 C:\xampp\htdocs\streepsoft\app\controllers\PublicController.php(26): Controller->view('home/index', Array)
#2 C:\xampp\htdocs\streepsoft\public\index.php(250): PublicController->home()
#3 {main}
  thrown in C:\xampp\htdocs\streepsoft\app\views\home\index.php on line 25
[13-Jul-2026 01:49:56 America/Bogota] PHP Fatal error:  Uncaught Error: Call to undefined function url() in C:\xampp\htdocs\streepsoft\app\views\home\index.php:35
Stack trace:
#0 C:\xampp\htdocs\streepsoft\app\core\Controller.php(37): require()
#1 C:\xampp\htdocs\streepsoft\app\controllers\PublicController.php(26): Controller->view('home/index', Array)
#2 C:\xampp\htdocs\streepsoft\public\index.php(250): PublicController->home()
#3 {main}
  thrown in C:\xampp\htdocs\streepsoft\app\views\home\index.php on line 35
[13-Jul-2026 01:50:26 America/Bogota] PHP Fatal error:  Uncaught Error: Call to undefined function url() in C:\xampp\htdocs\streepsoft\app\views\home\index.php:35
Stack trace:
#0 C:\xampp\htdocs\streepsoft\app\core\Controller.php(37): require()
#1 C:\xampp\htdocs\streepsoft\app\controllers\PublicController.php(26): Controller->view('home/index', Array)
#2 C:\xampp\htdocs\streepsoft\public\index.php(250): PublicController->home()
#3 {main}
  thrown in C:\xampp\htdocs\streepsoft\app\views\home\index.php on line 35
[13-Jul-2026 01:51:19 America/Bogota] PHP Fatal error:  Uncaught Error: Call to undefined function url() in C:\xampp\htdocs\streepsoft\app\views\home\index.php:35
Stack trace:
#0 C:\xampp\htdocs\streepsoft\app\core\Controller.php(37): require()
#1 C:\xampp\htdocs\streepsoft\app\controllers\PublicController.php(26): Controller->view('home/index', Array)
#2 C:\xampp\htdocs\streepsoft\public\index.php(250): PublicController->home()
#3 {main}
  thrown in C:\xampp\htdocs\streepsoft\app\views\home\index.php on line 35
[13-Jul-2026 01:52:48 America/Bogota] PHP Fatal error:  Uncaught Error: Call to undefined function url() in C:\xampp\htdocs\streepsoft\app\views\home\index.php:35
Stack trace:
#0 C:\xampp\htdocs\streepsoft\app\core\Controller.php(37): require()
#1 C:\xampp\htdocs\streepsoft\app\controllers\PublicController.php(26): Controller->view('home/index', Array)
#2 C:\xampp\htdocs\streepsoft\public\index.php(250): PublicController->home()
#3 {main}
  thrown in C:\xampp\htdocs\streepsoft\app\views\home\index.php on line 35
[13-Jul-2026 01:55:32 America/Bogota] PHP Fatal error:  Uncaught Error: Call to undefined function url() in C:\xampp\htdocs\streepsoft\app\views\home\index.php:47
Stack trace:
#0 C:\xampp\htdocs\streepsoft\app\core\Controller.php(37): require()
#1 C:\xampp\htdocs\streepsoft\app\controllers\PublicController.php(26): Controller->view('home/index', Array)
#2 C:\xampp\htdocs\streepsoft\public\index.php(250): PublicController->home()
#3 {main}
  thrown in C:\xampp\htdocs\streepsoft\app\views\home\index.php on line 47
[13-Jul-2026 02:00:05 America/Bogota] PHP Fatal error:  Uncaught Error: Call to undefined function url() in C:\xampp\htdocs\streepsoft\app\views\home\index.php:47
Stack trace:
#0 C:\xampp\htdocs\streepsoft\app\core\Controller.php(37): require()
#1 C:\xampp\htdocs\streepsoft\app\controllers\PublicController.php(26): Controller->view('home/index', Array)
#2 C:\xampp\htdocs\streepsoft\public\index.php(250): PublicController->home()
#3 {main}
  thrown in C:\xampp\htdocs\streepsoft\app\views\home\index.php on line 47
[13-Jul-2026 02:00:06 America/Bogota] PHP Fatal error:  Uncaught Error: Call to undefined function url() in C:\xampp\htdocs\streepsoft\app\views\home\index.php:47
Stack trace:
#0 C:\xampp\htdocs\streepsoft\app\core\Controller.php(37): require()
#1 C:\xampp\htdocs\streepsoft\app\controllers\PublicController.php(26): Controller->view('home/index', Array)
#2 C:\xampp\htdocs\streepsoft\public\index.php(250): PublicController->home()
#3 {main}
  thrown in C:\xampp\htdocs\streepsoft\app\views\home\index.php on line 47
[13-Jul-2026 02:00:09 America/Bogota] PHP Fatal error:  Uncaught Error: Call to undefined function url() in C:\xampp\htdocs\streepsoft\app\views\home\index.php:47
Stack trace:
#0 C:\xampp\htdocs\streepsoft\app\core\Controller.php(37): require()
#1 C:\xampp\htdocs\streepsoft\app\controllers\PublicController.php(26): Controller->view('home/index', Array)
#2 C:\xampp\htdocs\streepsoft\public\index.php(250): PublicController->home()
#3 {main}
  thrown in C:\xampp\htdocs\streepsoft\app\views\home\index.php on line 47
[13-Jul-2026 02:00:11 America/Bogota] PHP Fatal error:  Uncaught Error: Call to undefined function url() in C:\xampp\htdocs\streepsoft\app\views\home\index.php:47
Stack trace:
#0 C:\xampp\htdocs\streepsoft\app\core\Controller.php(37): require()
#1 C:\xampp\htdocs\streepsoft\app\controllers\PublicController.php(26): Controller->view('home/index', Array)
#2 C:\xampp\htdocs\streepsoft\public\index.php(250): PublicController->home()
#3 {main}
  thrown in C:\xampp\htdocs\streepsoft\app\views\home\index.php on line 47
[13-Jul-2026 02:00:11 America/Bogota] PHP Fatal error:  Uncaught Error: Call to undefined function url() in C:\xampp\htdocs\streepsoft\app\views\home\index.php:47
Stack trace:
#0 C:\xampp\htdocs\streepsoft\app\core\Controller.php(37): require()
#1 C:\xampp\htdocs\streepsoft\app\controllers\PublicController.php(26): Controller->view('home/index', Array)
#2 C:\xampp\htdocs\streepsoft\public\index.php(250): PublicController->home()
#3 {main}
  thrown in C:\xampp\htdocs\streepsoft\app\views\home\index.php on line 47
[13-Jul-2026 02:00:14 America/Bogota] PHP Fatal error:  Uncaught Error: Call to undefined function url() in C:\xampp\htdocs\streepsoft\app\views\home\index.php:47
Stack trace:
#0 C:\xampp\htdocs\streepsoft\app\core\Controller.php(37): require()
#1 C:\xampp\htdocs\streepsoft\app\controllers\PublicController.php(26): Controller->view('home/index', Array)
#2 C:\xampp\htdocs\streepsoft\public\index.php(250): PublicController->home()
#3 {main}
  thrown in C:\xampp\htdocs\streepsoft\app\views\home\index.php on line 47
[13-Jul-2026 02:00:16 America/Bogota] PHP Fatal error:  Uncaught Error: Call to undefined function url() in C:\xampp\htdocs\streepsoft\app\views\home\index.php:47
Stack trace:
#0 C:\xampp\htdocs\streepsoft\app\core\Controller.php(37): require()
#1 C:\xampp\htdocs\streepsoft\app\controllers\PublicController.php(26): Controller->view('home/index', Array)
#2 C:\xampp\htdocs\streepsoft\public\index.php(250): PublicController->home()
#3 {main}
  thrown in C:\xampp\htdocs\streepsoft\app\views\home\index.php on line 47
[13-Jul-2026 17:04:23 America/Bogota] PHP Fatal error:  Uncaught Error: Call to undefined function url() in C:\xampp\htdocs\streepsoft\app\views\home\index.php:20
Stack trace:
#0 C:\xampp\htdocs\streepsoft\app\core\Controller.php(37): require()
#1 C:\xampp\htdocs\streepsoft\app\controllers\PublicController.php(26): Controller->view('home/index', Array)
#2 C:\xampp\htdocs\streepsoft\public\index.php(250): PublicController->home()
#3 {main}
  thrown in C:\xampp\htdocs\streepsoft\app\views\home\index.php on line 20
[13-Jul-2026 17:04:25 America/Bogota] PHP Fatal error:  Uncaught Error: Call to undefined function url() in C:\xampp\htdocs\streepsoft\app\views\home\index.php:20
Stack trace:
#0 C:\xampp\htdocs\streepsoft\app\core\Controller.php(37): require()
#1 C:\xampp\htdocs\streepsoft\app\controllers\PublicController.php(26): Controller->view('home/index', Array)
#2 C:\xampp\htdocs\streepsoft\public\index.php(250): PublicController->home()
#3 {main}
  thrown in C:\xampp\htdocs\streepsoft\app\views\home\index.php on line 20
[13-Jul-2026 17:28:29 America/Bogota] PHP Fatal error:  Uncaught Error: Call to undefined function URL() in C:\xampp\htdocs\streepsoft\app\views\home\index.php:28
Stack trace:
#0 C:\xampp\htdocs\streepsoft\app\core\Controller.php(37): require()
#1 C:\xampp\htdocs\streepsoft\app\controllers\PublicController.php(26): Controller->view('home/index', Array)
#2 C:\xampp\htdocs\streepsoft\public\index.php(250): PublicController->home()
#3 {main}
  thrown in C:\xampp\htdocs\streepsoft\app\views\home\index.php on line 28
[13-Jul-2026 17:28:47 America/Bogota] PHP Fatal error:  Uncaught Error: Call to undefined function url() in C:\xampp\htdocs\streepsoft\app\views\home\index.php:28
Stack trace:
#0 C:\xampp\htdocs\streepsoft\app\core\Controller.php(37): require()
#1 C:\xampp\htdocs\streepsoft\app\controllers\PublicController.php(26): Controller->view('home/index', Array)
#2 C:\xampp\htdocs\streepsoft\public\index.php(250): PublicController->home()
#3 {main}
  thrown in C:\xampp\htdocs\streepsoft\app\views\home\index.php on line 28
[15-Jul-2026 20:26:28 America/Bogota] PHP Fatal error:  Uncaught Error: Class "Usuario" not found in C:\xampp\htdocs\streepsoft\app\controllers\AuthController.php:38
Stack trace:
#0 C:\xampp\htdocs\streepsoft\public\index.php(251): AuthController->login()
#1 {main}
  thrown in C:\xampp\htdocs\streepsoft\app\controllers\AuthController.php on line 38
[15-Jul-2026 20:26:34 America/Bogota] PHP Fatal error:  Uncaught Error: Class "Usuario" not found in C:\xampp\htdocs\streepsoft\app\controllers\AuthController.php:38
Stack trace:
#0 C:\xampp\htdocs\streepsoft\public\index.php(251): AuthController->login()
#1 {main}
  thrown in C:\xampp\htdocs\streepsoft\app\controllers\AuthController.php on line 38
[15-Jul-2026 20:55:30 America/Bogota] PHP Fatal error:  Uncaught Error: Class "Usuario" not found in C:\xampp\htdocs\streepsoft\app\controllers\AuthController.php:38
Stack trace:
#0 C:\xampp\htdocs\streepsoft\public\index.php(259): AuthController->login()
#1 {main}
  thrown in C:\xampp\htdocs\streepsoft\app\controllers\AuthController.php on line 38
[15-Jul-2026 20:55:33 America/Bogota] PHP Fatal error:  Uncaught Error: Class "Usuario" not found in C:\xampp\htdocs\streepsoft\app\controllers\AuthController.php:38
Stack trace:
#0 C:\xampp\htdocs\streepsoft\public\index.php(259): AuthController->login()
#1 {main}
  thrown in C:\xampp\htdocs\streepsoft\app\controllers\AuthController.php on line 38
[16-Jul-2026 10:06:24 America/Bogota] PHP Fatal error:  Uncaught Error: Class "Usuario" not found in C:\xampp\htdocs\streepsoft\app\controllers\AuthController.php:38
Stack trace:
#0 C:\xampp\htdocs\streepsoft\public\index.php(259): AuthController->login()
#1 {main}
  thrown in C:\xampp\htdocs\streepsoft\app\controllers\AuthController.php on line 38
[16-Jul-2026 10:06:54 America/Bogota] PHP Fatal error:  Uncaught Error: Class "Usuario" not found in C:\xampp\htdocs\streepsoft\app\controllers\AuthController.php:38
Stack trace:
#0 C:\xampp\htdocs\streepsoft\public\index.php(259): AuthController->login()
#1 {main}
  thrown in C:\xampp\htdocs\streepsoft\app\controllers\AuthController.php on line 38
[16-Jul-2026 10:13:25 America/Bogota] PHP Fatal error:  Uncaught Error: Class "Usuario" not found in C:\xampp\htdocs\streepsoft\app\controllers\AuthController.php:38
Stack trace:
#0 C:\xampp\htdocs\streepsoft\public\index.php(259): AuthController->login()
#1 {main}
  thrown in C:\xampp\htdocs\streepsoft\app\controllers\AuthController.php on line 38
[16-Jul-2026 10:25:08 America/Bogota] Error: SQLSTATE[42S02]: Base table or view not found: 1932 Table 'streepsoft.usuarios' doesn't exist in engine
[16-Jul-2026 10:54:27 America/Bogota] Error: SQLSTATE[42S02]: Base table or view not found: 1932 Table 'streepsoft.usuarios' doesn't exist in engine
[16-Jul-2026 10:59:59 America/Bogota] Error: SQLSTATE[42S02]: Base table or view not found: 1932 Table 'streepsoft.usuarios' doesn't exist in engine
[16-Jul-2026 11:00:04 America/Bogota] Error: SQLSTATE[42S02]: Base table or view not found: 1932 Table 'streepsoft.usuarios' doesn't exist in engine
[16-Jul-2026 11:03:04 America/Bogota] Error: SQLSTATE[42S02]: Base table or view not found: 1932 Table 'streepsoft.usuarios' doesn't exist in engine
[16-Jul-2026 11:03:04 America/Bogota] PHP Fatal error:  Uncaught ArgumentCountError: ini_get() expects exactly 1 argument, 2 given in C:\xampp\htdocs\streepsoft\public\index.php:279
Stack trace:
#0 C:\xampp\htdocs\streepsoft\public\index.php(279): ini_get('display_errors', '1')
#1 {main}
  thrown in C:\xampp\htdocs\streepsoft\public\index.php on line 279
[16-Jul-2026 11:03:09 America/Bogota] Error: SQLSTATE[42S02]: Base table or view not found: 1932 Table 'streepsoft.usuarios' doesn't exist in engine
[16-Jul-2026 11:03:09 America/Bogota] PHP Fatal error:  Uncaught ArgumentCountError: ini_get() expects exactly 1 argument, 2 given in C:\xampp\htdocs\streepsoft\public\index.php:279
Stack trace:
#0 C:\xampp\htdocs\streepsoft\public\index.php(279): ini_get('display_errors', '1')
#1 {main}
  thrown in C:\xampp\htdocs\streepsoft\public\index.php on line 279
[16-Jul-2026 13:58:20 America/Bogota] Intento de login fallido: contraseña incorrecta: davi1@gmail.com
[16-Jul-2026 13:58:37 America/Bogota] Intento de login fallido: contraseña incorrecta: cdavidg4396@gmail.com
[16-Jul-2026 13:58:57 America/Bogota] Intento de login fallido: contraseña incorrecta: cdavidg4396@gmail.com
[16-Jul-2026 14:04:37 America/Bogota] Intento de login fallido: contraseña incorrecta: cdavidg4396@gmail.com
[16-Jul-2026 14:08:28 America/Bogota] Login exitoso: cdavidg4396@gmail.com
[16-Jul-2026 14:08:28 America/Bogota] Login exitoso: cdavidg4396@gmail.com
[16-Jul-2026 14:08:28 America/Bogota] Error: SQLSTATE[42S02]: Base table or view not found: 1146 Table 'streepsoft.pagos' doesn't exist
[16-Jul-2026 14:08:38 America/Bogota] Login exitoso: cdavidg4396@gmail.com
[16-Jul-2026 14:08:38 America/Bogota] Login exitoso: cdavidg4396@gmail.com
[16-Jul-2026 14:08:38 America/Bogota] Error: SQLSTATE[42S02]: Base table or view not found: 1146 Table 'streepsoft.pagos' doesn't exist
[16-Jul-2026 14:26:11 America/Bogota] Session expirada por timeout: cdavidg4396@gmail.com
[16-Jul-2026 14:26:18 America/Bogota] Intento de login fallido: usuario no encontrado: +
[16-Jul-2026 14:26:25 America/Bogota] Intento de login fallido: contraseña incorrecta: davi1@gmail.com
[16-Jul-2026 14:26:39 America/Bogota] Login exitoso: cdavidg4396@gmail.com
[16-Jul-2026 14:26:39 America/Bogota] Login exitoso: cdavidg4396@gmail.com
[16-Jul-2026 14:26:39 America/Bogota] Error: SQLSTATE[42S02]: Base table or view not found: 1146 Table 'streepsoft.pagos' doesn't exist
[16-Jul-2026 14:31:53 America/Bogota] Error: SQLSTATE[42S02]: Base table or view not found: 1146 Table 'streepsoft.pagos' doesn't exist
[16-Jul-2026 14:31:54 America/Bogota] Error: SQLSTATE[42S02]: Base table or view not found: 1146 Table 'streepsoft.pagos' doesn't exist
[16-Jul-2026 14:31:55 America/Bogota] Error: SQLSTATE[42S02]: Base table or view not found: 1146 Table 'streepsoft.pagos' doesn't exist
[16-Jul-2026 14:31:55 America/Bogota] Error: SQLSTATE[42S02]: Base table or view not found: 1146 Table 'streepsoft.pagos' doesn't exist
[16-Jul-2026 14:31:57 America/Bogota] Error: SQLSTATE[42S02]: Base table or view not found: 1146 Table 'streepsoft.pagos' doesn't exist
[16-Jul-2026 14:31:57 America/Bogota] Error: SQLSTATE[42S02]: Base table or view not found: 1146 Table 'streepsoft.pagos' doesn't exist
[16-Jul-2026 14:31:57 America/Bogota] Error: SQLSTATE[42S02]: Base table or view not found: 1146 Table 'streepsoft.pagos' doesn't exist
[16-Jul-2026 14:39:30 America/Bogota] Error: SQLSTATE[42S02]: Base table or view not found: 1146 Table 'streepsoft.pagos' doesn't exist
[16-Jul-2026 14:39:31 America/Bogota] Error: SQLSTATE[42S02]: Base table or view not found: 1146 Table 'streepsoft.pagos' doesn't exist
[16-Jul-2026 14:48:22 America/Bogota] Login exitoso: cdavidg4396@gmail.com
[16-Jul-2026 14:48:22 America/Bogota] Login exitoso: cdavidg4396@gmail.com
[16-Jul-2026 14:48:22 America/Bogota] Error: SQLSTATE[42S02]: Base table or view not found: 1146 Table 'streepsoft.pagos' doesn't exist
[16-Jul-2026 14:49:47 America/Bogota] Intento de login fallido: contraseña incorrecta: davi1@gmail.com
[16-Jul-2026 14:49:47 America/Bogota] Error: SQLSTATE[42S02]: Base table or view not found: 1146 Table 'streepsoft.pagos' doesn't exist
[16-Jul-2026 14:49:57 America/Bogota] Intento de login fallido: contraseña incorrecta: davi1@gmail.com
[16-Jul-2026 14:49:57 America/Bogota] Error: SQLSTATE[42S02]: Base table or view not found: 1146 Table 'streepsoft.pagos' doesn't exist
[16-Jul-2026 14:50:06 America/Bogota] Intento de login fallido: contraseña incorrecta: davi1@gmail.com
[16-Jul-2026 14:50:06 America/Bogota] Error: SQLSTATE[42S02]: Base table or view not found: 1146 Table 'streepsoft.pagos' doesn't exist
[16-Jul-2026 14:51:42 America/Bogota] Error: SQLSTATE[42S02]: Base table or view not found: 1146 Table 'streepsoft.pagos' doesn't exist
[16-Jul-2026 14:51:46 America/Bogota] Error: SQLSTATE[42S02]: Base table or view not found: 1146 Table 'streepsoft.pagos' doesn't exist
[16-Jul-2026 14:53:53 America/Bogota] Intento de login fallido: contraseña incorrecta: davi1@gmail.com
[16-Jul-2026 15:00:43 America/Bogota] Login exitoso: cdavidg4396@gmail.com
[16-Jul-2026 15:00:43 America/Bogota] Login exitoso: cdavidg4396@gmail.com
[16-Jul-2026 15:08:08 America/Bogota] Error: SQLSTATE[42S02]: Base table or view not found: 1146 Table 'streepsoft.pagos' doesn't exist
[16-Jul-2026 15:08:15 America/Bogota] Error: SQLSTATE[42S02]: Base table or view not found: 1146 Table 'streepsoft.pagos' doesn't exist
[16-Jul-2026 15:08:19 America/Bogota] Error: SQLSTATE[42S02]: Base table or view not found: 1146 Table 'streepsoft.pagos' doesn't exist
[16-Jul-2026 15:08:20 America/Bogota] Error: SQLSTATE[42S02]: Base table or view not found: 1146 Table 'streepsoft.pagos' doesn't exist
[16-Jul-2026 15:08:20 America/Bogota] Error: SQLSTATE[42S02]: Base table or view not found: 1146 Table 'streepsoft.pagos' doesn't exist
[16-Jul-2026 15:09:18 America/Bogota] Error: SQLSTATE[42S02]: Base table or view not found: 1146 Table 'streepsoft.pagos' doesn't exist
[16-Jul-2026 15:14:20 America/Bogota] Dashboard: Error obteniendo recaudación por mes: SQLSTATE[42S02]: Base table or view not found: 1146 Table 'streepsoft.pagos' doesn't exist
[16-Jul-2026 15:14:20 America/Bogota] Dashboard: Error obteniendo recaudación total: SQLSTATE[42S02]: Base table or view not found: 1146 Table 'streepsoft.pagos' doesn't exist
[16-Jul-2026 15:14:20 America/Bogota] Dashboard: Error obteniendo jugadores con deuda: SQLSTATE[42S22]: Column not found: 1054 Unknown column 'id_jugador' in 'field list'
[16-Jul-2026 15:14:20 America/Bogota] Dashboard: Error obteniendo deuda total: SQLSTATE[42S22]: Column not found: 1054 Unknown column 'monto' in 'field list'
[16-Jul-2026 15:15:15 America/Bogota] Dashboard: Error obteniendo recaudación por mes: SQLSTATE[42S02]: Base table or view not found: 1146 Table 'streepsoft.pagos' doesn't exist
[16-Jul-2026 15:15:15 America/Bogota] Dashboard: Error obteniendo recaudación total: SQLSTATE[42S02]: Base table or view not found: 1146 Table 'streepsoft.pagos' doesn't exist
[16-Jul-2026 15:15:15 America/Bogota] Dashboard: Error obteniendo jugadores con deuda: SQLSTATE[42S22]: Column not found: 1054 Unknown column 'id_jugador' in 'field list'
[16-Jul-2026 15:15:15 America/Bogota] Dashboard: Error obteniendo deuda total: SQLSTATE[42S22]: Column not found: 1054 Unknown column 'monto' in 'field list'
[16-Jul-2026 15:15:44 America/Bogota] Dashboard: Error obteniendo recaudación por mes: SQLSTATE[42S02]: Base table or view not found: 1146 Table 'streepsoft.pagos' doesn't exist
[16-Jul-2026 15:15:44 America/Bogota] Dashboard: Error obteniendo recaudación total: SQLSTATE[42S02]: Base table or view not found: 1146 Table 'streepsoft.pagos' doesn't exist
[16-Jul-2026 15:15:44 America/Bogota] Dashboard: Error obteniendo jugadores con deuda: SQLSTATE[42S22]: Column not found: 1054 Unknown column 'id_jugador' in 'field list'
[16-Jul-2026 15:15:44 America/Bogota] Dashboard: Error obteniendo deuda total: SQLSTATE[42S22]: Column not found: 1054 Unknown column 'monto' in 'field list'
[16-Jul-2026 15:29:39 America/Bogota] Session expirada por timeout: cdavidg4396@gmail.com
[16-Jul-2026 15:46:42 America/Bogota] Intento de login fallido: usuario no encontrado: davi1
[16-Jul-2026 15:46:48 America/Bogota] Intento de login fallido: usuario no encontrado: davi1@
[16-Jul-2026 15:50:52 America/Bogota] Login exitoso: cdavidg4396@gmail.com
[16-Jul-2026 15:50:52 America/Bogota] Login exitoso: cdavidg4396@gmail.com
[16-Jul-2026 15:50:54 America/Bogota] Dashboard: Error obteniendo recaudación por mes: SQLSTATE[42S02]: Base table or view not found: 1146 Table 'streepsoft.pagos' doesn't exist
[16-Jul-2026 15:50:54 America/Bogota] Dashboard: Error obteniendo recaudación total: SQLSTATE[42S02]: Base table or view not found: 1146 Table 'streepsoft.pagos' doesn't exist
[16-Jul-2026 15:50:54 America/Bogota] Dashboard: Error obteniendo jugadores con deuda: SQLSTATE[42S22]: Column not found: 1054 Unknown column 'id_jugador' in 'field list'
[16-Jul-2026 15:50:54 America/Bogota] Dashboard: Error obteniendo deuda total: SQLSTATE[42S22]: Column not found: 1054 Unknown column 'monto' in 'field list'
[16-Jul-2026 15:55:06 America/Bogota] Dashboard: Error obteniendo recaudación por mes: SQLSTATE[42S02]: Base table or view not found: 1146 Table 'streepsoft.pagos' doesn't exist
[16-Jul-2026 15:55:06 America/Bogota] Dashboard: Error obteniendo recaudación total: SQLSTATE[42S02]: Base table or view not found: 1146 Table 'streepsoft.pagos' doesn't exist
[16-Jul-2026 15:55:06 America/Bogota] Dashboard: Error obteniendo jugadores con deuda: SQLSTATE[42S22]: Column not found: 1054 Unknown column 'id_jugador' in 'field list'
[16-Jul-2026 15:55:06 America/Bogota] Dashboard: Error obteniendo deuda total: SQLSTATE[42S22]: Column not found: 1054 Unknown column 'monto' in 'field list'
[16-Jul-2026 15:55:06 America/Bogota] Dashboard: Error obteniendo recaudación por mes: SQLSTATE[42S02]: Base table or view not found: 1146 Table 'streepsoft.pagos' doesn't exist
[16-Jul-2026 15:55:06 America/Bogota] Dashboard: Error obteniendo recaudación total: SQLSTATE[42S02]: Base table or view not found: 1146 Table 'streepsoft.pagos' doesn't exist
[16-Jul-2026 15:55:06 America/Bogota] Dashboard: Error obteniendo jugadores con deuda: SQLSTATE[42S22]: Column not found: 1054 Unknown column 'id_jugador' in 'field list'
[16-Jul-2026 15:55:06 America/Bogota] Dashboard: Error obteniendo deuda total: SQLSTATE[42S22]: Column not found: 1054 Unknown column 'monto' in 'field list'
[16-Jul-2026 15:55:07 America/Bogota] Dashboard: Error obteniendo recaudación por mes: SQLSTATE[42S02]: Base table or view not found: 1146 Table 'streepsoft.pagos' doesn't exist
[16-Jul-2026 15:55:07 America/Bogota] Dashboard: Error obteniendo recaudación total: SQLSTATE[42S02]: Base table or view not found: 1146 Table 'streepsoft.pagos' doesn't exist
[16-Jul-2026 15:55:07 America/Bogota] Dashboard: Error obteniendo jugadores con deuda: SQLSTATE[42S22]: Column not found: 1054 Unknown column 'id_jugador' in 'field list'
[16-Jul-2026 15:55:07 America/Bogota] Dashboard: Error obteniendo deuda total: SQLSTATE[42S22]: Column not found: 1054 Unknown column 'monto' in 'field list'
[16-Jul-2026 15:55:07 America/Bogota] Dashboard: Error obteniendo recaudación por mes: SQLSTATE[42S02]: Base table or view not found: 1146 Table 'streepsoft.pagos' doesn't exist
[16-Jul-2026 15:55:07 America/Bogota] Dashboard: Error obteniendo recaudación total: SQLSTATE[42S02]: Base table or view not found: 1146 Table 'streepsoft.pagos' doesn't exist
[16-Jul-2026 15:55:07 America/Bogota] Dashboard: Error obteniendo jugadores con deuda: SQLSTATE[42S22]: Column not found: 1054 Unknown column 'id_jugador' in 'field list'
[16-Jul-2026 15:55:07 America/Bogota] Dashboard: Error obteniendo deuda total: SQLSTATE[42S22]: Column not found: 1054 Unknown column 'monto' in 'field list'
[16-Jul-2026 15:55:08 America/Bogota] Dashboard: Error obteniendo recaudación por mes: SQLSTATE[42S02]: Base table or view not found: 1146 Table 'streepsoft.pagos' doesn't exist
[16-Jul-2026 15:55:08 America/Bogota] Dashboard: Error obteniendo recaudación total: SQLSTATE[42S02]: Base table or view not found: 1146 Table 'streepsoft.pagos' doesn't exist
[16-Jul-2026 15:55:08 America/Bogota] Dashboard: Error obteniendo jugadores con deuda: SQLSTATE[42S22]: Column not found: 1054 Unknown column 'id_jugador' in 'field list'
[16-Jul-2026 15:55:08 America/Bogota] Dashboard: Error obteniendo deuda total: SQLSTATE[42S22]: Column not found: 1054 Unknown column 'monto' in 'field list'
[16-Jul-2026 15:55:09 America/Bogota] Dashboard: Error obteniendo recaudación por mes: SQLSTATE[42S02]: Base table or view not found: 1146 Table 'streepsoft.pagos' doesn't exist
[16-Jul-2026 15:55:09 America/Bogota] Dashboard: Error obteniendo recaudación total: SQLSTATE[42S02]: Base table or view not found: 1146 Table 'streepsoft.pagos' doesn't exist
[16-Jul-2026 15:55:09 America/Bogota] Dashboard: Error obteniendo jugadores con deuda: SQLSTATE[42S22]: Column not found: 1054 Unknown column 'id_jugador' in 'field list'
[16-Jul-2026 15:55:09 America/Bogota] Dashboard: Error obteniendo deuda total: SQLSTATE[42S22]: Column not found: 1054 Unknown column 'monto' in 'field list'
[16-Jul-2026 15:55:09 America/Bogota] Dashboard: Error obteniendo recaudación por mes: SQLSTATE[42S02]: Base table or view not found: 1146 Table 'streepsoft.pagos' doesn't exist
[16-Jul-2026 15:55:09 America/Bogota] Dashboard: Error obteniendo recaudación total: SQLSTATE[42S02]: Base table or view not found: 1146 Table 'streepsoft.pagos' doesn't exist
[16-Jul-2026 15:55:09 America/Bogota] Dashboard: Error obteniendo jugadores con deuda: SQLSTATE[42S22]: Column not found: 1054 Unknown column 'id_jugador' in 'field list'
[16-Jul-2026 15:55:09 America/Bogota] Dashboard: Error obteniendo deuda total: SQLSTATE[42S22]: Column not found: 1054 Unknown column 'monto' in 'field list'
[16-Jul-2026 15:55:10 America/Bogota] Dashboard: Error obteniendo recaudación por mes: SQLSTATE[42S02]: Base table or view not found: 1146 Table 'streepsoft.pagos' doesn't exist
[16-Jul-2026 15:55:10 America/Bogota] Dashboard: Error obteniendo recaudación total: SQLSTATE[42S02]: Base table or view not found: 1146 Table 'streepsoft.pagos' doesn't exist
[16-Jul-2026 15:55:10 America/Bogota] Dashboard: Error obteniendo jugadores con deuda: SQLSTATE[42S22]: Column not found: 1054 Unknown column 'id_jugador' in 'field list'
[16-Jul-2026 15:55:10 America/Bogota] Dashboard: Error obteniendo deuda total: SQLSTATE[42S22]: Column not found: 1054 Unknown column 'monto' in 'field list'
[16-Jul-2026 16:31:34 America/Bogota] Session expirada por timeout: cdavidg4396@gmail.com
[17-Jul-2026 00:48:17 America/Bogota] Error: SQLSTATE[HY000]: General error: 2006 MySQL server has gone away
[17-Jul-2026 00:48:58 America/Bogota] Login exitoso: cdavidg4396@gmail.com
[17-Jul-2026 00:48:58 America/Bogota] Login exitoso: cdavidg4396@gmail.com
[17-Jul-2026 00:49:30 America/Bogota] Dashboard: Error obteniendo recaudación por mes: SQLSTATE[42S02]: Base table or view not found: 1146 Table 'streepsoft.pagos' doesn't exist
[17-Jul-2026 00:49:30 America/Bogota] Dashboard: Error obteniendo recaudación total: SQLSTATE[42S02]: Base table or view not found: 1146 Table 'streepsoft.pagos' doesn't exist
[17-Jul-2026 00:49:30 America/Bogota] Dashboard: Error obteniendo jugadores con deuda: SQLSTATE[42S22]: Column not found: 1054 Unknown column 'id_jugador' in 'field list'
[17-Jul-2026 00:49:30 America/Bogota] Dashboard: Error obteniendo deuda total: SQLSTATE[42S22]: Column not found: 1054 Unknown column 'monto' in 'field list'
[17-Jul-2026 00:52:19 America/Bogota] Dashboard: Error obteniendo recaudación por mes: SQLSTATE[42S02]: Base table or view not found: 1146 Table 'streepsoft.pagos' doesn't exist
[17-Jul-2026 00:52:19 America/Bogota] Dashboard: Error obteniendo recaudación total: SQLSTATE[42S02]: Base table or view not found: 1146 Table 'streepsoft.pagos' doesn't exist
[17-Jul-2026 00:52:19 America/Bogota] Dashboard: Error obteniendo jugadores con deuda: SQLSTATE[42S22]: Column not found: 1054 Unknown column 'id_jugador' in 'field list'
[17-Jul-2026 00:52:19 America/Bogota] Dashboard: Error obteniendo deuda total: SQLSTATE[42S22]: Column not found: 1054 Unknown column 'monto' in 'field list'
[17-Jul-2026 00:52:20 America/Bogota] Dashboard: Error obteniendo recaudación por mes: SQLSTATE[42S02]: Base table or view not found: 1146 Table 'streepsoft.pagos' doesn't exist
[17-Jul-2026 00:52:20 America/Bogota] Dashboard: Error obteniendo recaudación total: SQLSTATE[42S02]: Base table or view not found: 1146 Table 'streepsoft.pagos' doesn't exist
[17-Jul-2026 00:52:20 America/Bogota] Dashboard: Error obteniendo jugadores con deuda: SQLSTATE[42S22]: Column not found: 1054 Unknown column 'id_jugador' in 'field list'
[17-Jul-2026 00:52:20 America/Bogota] Dashboard: Error obteniendo deuda total: SQLSTATE[42S22]: Column not found: 1054 Unknown column 'monto' in 'field list'
[17-Jul-2026 00:52:21 America/Bogota] Dashboard: Error obteniendo recaudación por mes: SQLSTATE[42S02]: Base table or view not found: 1146 Table 'streepsoft.pagos' doesn't exist
[17-Jul-2026 00:52:21 America/Bogota] Dashboard: Error obteniendo recaudación total: SQLSTATE[42S02]: Base table or view not found: 1146 Table 'streepsoft.pagos' doesn't exist
[17-Jul-2026 00:52:21 America/Bogota] Dashboard: Error obteniendo jugadores con deuda: SQLSTATE[42S22]: Column not found: 1054 Unknown column 'id_jugador' in 'field list'
[17-Jul-2026 00:52:21 America/Bogota] Dashboard: Error obteniendo deuda total: SQLSTATE[42S22]: Column not found: 1054 Unknown column 'monto' in 'field list'
[17-Jul-2026 00:52:29 America/Bogota] Dashboard: Error obteniendo recaudación por mes: SQLSTATE[42S02]: Base table or view not found: 1146 Table 'streepsoft.pagos' doesn't exist
[17-Jul-2026 00:52:29 America/Bogota] Dashboard: Error obteniendo recaudación total: SQLSTATE[42S02]: Base table or view not found: 1146 Table 'streepsoft.pagos' doesn't exist
[17-Jul-2026 00:52:29 America/Bogota] Dashboard: Error obteniendo jugadores con deuda: SQLSTATE[42S22]: Column not found: 1054 Unknown column 'id_jugador' in 'field list'
[17-Jul-2026 00:52:29 America/Bogota] Dashboard: Error obteniendo deuda total: SQLSTATE[42S22]: Column not found: 1054 Unknown column 'monto' in 'field list'
[19-Jul-2026 12:52:19 America/Bogota] Error: Vista no encontrada: C:\xampp\htdocs\streepsoft\app\core/../views/auth/recuperar-contrasena.php
[19-Jul-2026 12:57:47 America/Bogota] Login exitoso: cdavidg4396@gmail.com
[19-Jul-2026 12:57:47 America/Bogota] Login exitoso: cdavidg4396@gmail.com
[19-Jul-2026 12:57:47 America/Bogota] Dashboard: Error obteniendo recaudación por mes: SQLSTATE[42S02]: Base table or view not found: 1146 Table 'streepsoft.pagos' doesn't exist
[19-Jul-2026 12:57:47 America/Bogota] Dashboard: Error obteniendo recaudación total: SQLSTATE[42S02]: Base table or view not found: 1146 Table 'streepsoft.pagos' doesn't exist
[19-Jul-2026 12:57:47 America/Bogota] Dashboard: Error obteniendo jugadores con deuda: SQLSTATE[42S22]: Column not found: 1054 Unknown column 'id_jugador' in 'field list'
[19-Jul-2026 12:57:47 America/Bogota] Dashboard: Error obteniendo deuda total: SQLSTATE[42S22]: Column not found: 1054 Unknown column 'monto' in 'field list'
[19-Jul-2026 12:59:10 America/Bogota] Dashboard: Error obteniendo recaudación por mes: SQLSTATE[42S02]: Base table or view not found: 1146 Table 'streepsoft.pagos' doesn't exist
[19-Jul-2026 12:59:10 America/Bogota] Dashboard: Error obteniendo recaudación total: SQLSTATE[42S02]: Base table or view not found: 1146 Table 'streepsoft.pagos' doesn't exist
[19-Jul-2026 12:59:10 America/Bogota] Dashboard: Error obteniendo jugadores con deuda: SQLSTATE[42S22]: Column not found: 1054 Unknown column 'id_jugador' in 'field list'
[19-Jul-2026 12:59:10 America/Bogota] Dashboard: Error obteniendo deuda total: SQLSTATE[42S22]: Column not found: 1054 Unknown column 'monto' in 'field list'
[19-Jul-2026 13:00:07 America/Bogota] Dashboard: Error obteniendo recaudación por mes: SQLSTATE[42S02]: Base table or view not found: 1146 Table 'streepsoft.pagos' doesn't exist
[19-Jul-2026 13:00:07 America/Bogota] Dashboard: Error obteniendo recaudación total: SQLSTATE[42S02]: Base table or view not found: 1146 Table 'streepsoft.pagos' doesn't exist
[19-Jul-2026 13:00:07 America/Bogota] Dashboard: Error obteniendo jugadores con deuda: SQLSTATE[42S22]: Column not found: 1054 Unknown column 'id_jugador' in 'field list'
[19-Jul-2026 13:00:07 America/Bogota] Dashboard: Error obteniendo deuda total: SQLSTATE[42S22]: Column not found: 1054 Unknown column 'monto' in 'field list'
[19-Jul-2026 22:53:59 America/Bogota] Session expirada por timeout: cdavidg4396@gmail.com
[19-Jul-2026 22:54:05 America/Bogota] PHP Fatal error:  Uncaught Error: Class "RecuperacionModel" not found in C:\xampp\htdocs\streepsoft\app\controllers\RecuperacionController.php:14
Stack trace:
#0 C:\xampp\htdocs\streepsoft\public\index.php(257): RecuperacionController->__construct(Object(PDO))
#1 {main}
  thrown in C:\xampp\htdocs\streepsoft\app\controllers\RecuperacionController.php on line 14
[19-Jul-2026 22:59:30 America/Bogota] PHP Fatal error:  Uncaught Error: Class "RecuperacionModel" not found in C:\xampp\htdocs\streepsoft\app\controllers\RecuperacionController.php:14
Stack trace:
#0 C:\xampp\htdocs\streepsoft\public\index.php(257): RecuperacionController->__construct(Object(PDO))
#1 {main}
  thrown in C:\xampp\htdocs\streepsoft\app\controllers\RecuperacionController.php on line 14
[19-Jul-2026 23:10:34 America/Bogota] PHP Fatal error:  Uncaught Error: Class "RecuperacionModel" not found in C:\xampp\htdocs\streepsoft\app\controllers\RecuperacionController.php:14
Stack trace:
#0 C:\xampp\htdocs\streepsoft\public\index.php(257): RecuperacionController->__construct(Object(PDO))
#1 {main}
  thrown in C:\xampp\htdocs\streepsoft\app\controllers\RecuperacionController.php on line 14
[19-Jul-2026 23:10:40 America/Bogota] PHP Fatal error:  Uncaught Error: Class "RecuperacionModel" not found in C:\xampp\htdocs\streepsoft\app\controllers\RecuperacionController.php:14
Stack trace:
#0 C:\xampp\htdocs\streepsoft\public\index.php(257): RecuperacionController->__construct(Object(PDO))
#1 {main}
  thrown in C:\xampp\htdocs\streepsoft\app\controllers\RecuperacionController.php on line 14
[19-Jul-2026 23:10:40 America/Bogota] PHP Fatal error:  Uncaught Error: Class "RecuperacionModel" not found in C:\xampp\htdocs\streepsoft\app\controllers\RecuperacionController.php:14
Stack trace:
#0 C:\xampp\htdocs\streepsoft\public\index.php(257): RecuperacionController->__construct(Object(PDO))
#1 {main}
  thrown in C:\xampp\htdocs\streepsoft\app\controllers\RecuperacionController.php on line 14
[19-Jul-2026 23:11:54 America/Bogota] PHP Fatal error:  Uncaught Error: Class "RecuperacionModel" not found in C:\xampp\htdocs\streepsoft\app\controllers\RecuperacionController.php:14
Stack trace:
#0 C:\xampp\htdocs\streepsoft\public\index.php(257): RecuperacionController->__construct(Object(PDO))
#1 {main}
  thrown in C:\xampp\htdocs\streepsoft\app\controllers\RecuperacionController.php on line 14
[19-Jul-2026 23:11:55 America/Bogota] PHP Fatal error:  Uncaught Error: Class "RecuperacionModel" not found in C:\xampp\htdocs\streepsoft\app\controllers\RecuperacionController.php:14
Stack trace:
#0 C:\xampp\htdocs\streepsoft\public\index.php(257): RecuperacionController->__construct(Object(PDO))
#1 {main}
  thrown in C:\xampp\htdocs\streepsoft\app\controllers\RecuperacionController.php on line 14
[19-Jul-2026 23:11:55 America/Bogota] PHP Fatal error:  Uncaught Error: Class "RecuperacionModel" not found in C:\xampp\htdocs\streepsoft\app\controllers\RecuperacionController.php:14
Stack trace:
#0 C:\xampp\htdocs\streepsoft\public\index.php(257): RecuperacionController->__construct(Object(PDO))
#1 {main}
  thrown in C:\xampp\htdocs\streepsoft\app\controllers\RecuperacionController.php on line 14
[19-Jul-2026 23:11:55 America/Bogota] PHP Fatal error:  Uncaught Error: Class "RecuperacionModel" not found in C:\xampp\htdocs\streepsoft\app\controllers\RecuperacionController.php:14
Stack trace:
#0 C:\xampp\htdocs\streepsoft\public\index.php(257): RecuperacionController->__construct(Object(PDO))
#1 {main}
  thrown in C:\xampp\htdocs\streepsoft\app\controllers\RecuperacionController.php on line 14
[19-Jul-2026 23:20:13 America/Bogota] PHP Fatal error:  Uncaught Error: Class "RecuperacionModel" not found in C:\xampp\htdocs\streepsoft\app\controllers\RecuperacionController.php:14
Stack trace:
#0 C:\xampp\htdocs\streepsoft\public\index.php(257): RecuperacionController->__construct(Object(PDO))
#1 {main}
  thrown in C:\xampp\htdocs\streepsoft\app\controllers\RecuperacionController.php on line 14
[19-Jul-2026 23:36:30 America/Bogota] Error: Vista no encontrada: C:\xampp\htdocs\streepsoft\app\core/../views/auth/recuperarcontrasena.php
[19-Jul-2026 23:36:34 America/Bogota] Error: Vista no encontrada: C:\xampp\htdocs\streepsoft\app\core/../views/auth/recuperarcontrasena.php
[20-Jul-2026 00:10:12 America/Bogota] PHP Fatal error:  Uncaught Error: Class "PHPMailer\PHPMailer\PHPMailer" not found in C:\xampp\htdocs\streepsoft\app\controllers\RecuperacionController.php:56
Stack trace:
#0 C:\xampp\htdocs\streepsoft\app\controllers\RecuperacionController.php(207): RecuperacionController->enviarPin('cdavidg4396@gma...')
#1 C:\xampp\htdocs\streepsoft\public\index.php(201): require_once('C:\\xampp\\htdocs...')
#2 {main}
  thrown in C:\xampp\htdocs\streepsoft\app\controllers\RecuperacionController.php on line 56
[20-Jul-2026 00:17:32 America/Bogota] PHP Notice:  session_start(): Ignoring session_start() because a session is already active in C:\xampp\htdocs\streepsoft\app\controllers\RecuperacionController.php on line 4
[20-Jul-2026 00:19:12 America/Bogota] Login exitoso: cdavidg4396@gmail.com
[20-Jul-2026 00:19:12 America/Bogota] Login exitoso: cdavidg4396@gmail.com
[20-Jul-2026 00:19:12 America/Bogota] Dashboard: Error obteniendo recaudación por mes: SQLSTATE[42S02]: Base table or view not found: 1146 Table 'streepsoft.pagos' doesn't exist
[20-Jul-2026 00:19:12 America/Bogota] Dashboard: Error obteniendo recaudación total: SQLSTATE[42S02]: Base table or view not found: 1146 Table 'streepsoft.pagos' doesn't exist
[20-Jul-2026 00:19:12 America/Bogota] Dashboard: Error obteniendo jugadores con deuda: SQLSTATE[42S22]: Column not found: 1054 Unknown column 'id_jugador' in 'field list'
[20-Jul-2026 00:19:12 America/Bogota] Dashboard: Error obteniendo deuda total: SQLSTATE[42S22]: Column not found: 1054 Unknown column 'monto' in 'field list'
[20-Jul-2026 00:41:28 America/Bogota] Session expirada por timeout: cdavidg4396@gmail.com
[20-Jul-2026 16:50:41 America/Bogota] Intento de login fallido: usuario no encontrado: cdavidg5389@gmail.com
[20-Jul-2026 16:50:57 America/Bogota] Intento de login fallido: contraseña incorrecta: cdavidg4396@gmail.com
[20-Jul-2026 16:51:19 America/Bogota] Login exitoso: cdavidg4396@gmail.com
[20-Jul-2026 16:51:19 America/Bogota] Login exitoso: cdavidg4396@gmail.com
[20-Jul-2026 16:51:19 America/Bogota] Dashboard: Error obteniendo recaudación por mes: SQLSTATE[42S02]: Base table or view not found: 1146 Table 'streepsoft.pagos' doesn't exist
[20-Jul-2026 16:51:19 America/Bogota] Dashboard: Error obteniendo recaudación total: SQLSTATE[42S02]: Base table or view not found: 1146 Table 'streepsoft.pagos' doesn't exist
[20-Jul-2026 16:51:19 America/Bogota] Dashboard: Error obteniendo jugadores con deuda: SQLSTATE[42S22]: Column not found: 1054 Unknown column 'id_jugador' in 'field list'
[20-Jul-2026 16:51:19 America/Bogota] Dashboard: Error obteniendo deuda total: SQLSTATE[42S22]: Column not found: 1054 Unknown column 'monto' in 'field list'
[20-Jul-2026 16:51:31 America/Bogota] Dashboard: Error obteniendo recaudación por mes: SQLSTATE[42S02]: Base table or view not found: 1146 Table 'streepsoft.pagos' doesn't exist
[20-Jul-2026 16:51:31 America/Bogota] Dashboard: Error obteniendo recaudación total: SQLSTATE[42S02]: Base table or view not found: 1146 Table 'streepsoft.pagos' doesn't exist
[20-Jul-2026 16:51:31 America/Bogota] Dashboard: Error obteniendo jugadores con deuda: SQLSTATE[42S22]: Column not found: 1054 Unknown column 'id_jugador' in 'field list'
[20-Jul-2026 16:51:31 America/Bogota] Dashboard: Error obteniendo deuda total: SQLSTATE[42S22]: Column not found: 1054 Unknown column 'monto' in 'field list'
[20-Jul-2026 16:51:32 America/Bogota] Dashboard: Error obteniendo recaudación por mes: SQLSTATE[42S02]: Base table or view not found: 1146 Table 'streepsoft.pagos' doesn't exist
[20-Jul-2026 16:51:32 America/Bogota] Dashboard: Error obteniendo recaudación total: SQLSTATE[42S02]: Base table or view not found: 1146 Table 'streepsoft.pagos' doesn't exist
[20-Jul-2026 16:51:32 America/Bogota] Dashboard: Error obteniendo jugadores con deuda: SQLSTATE[42S22]: Column not found: 1054 Unknown column 'id_jugador' in 'field list'
[20-Jul-2026 16:51:32 America/Bogota] Dashboard: Error obteniendo deuda total: SQLSTATE[42S22]: Column not found: 1054 Unknown column 'monto' in 'field list'
[20-Jul-2026 16:51:56 America/Bogota] Dashboard: Error obteniendo recaudación por mes: SQLSTATE[42S02]: Base table or view not found: 1146 Table 'streepsoft.pagos' doesn't exist
[20-Jul-2026 16:51:56 America/Bogota] Dashboard: Error obteniendo recaudación total: SQLSTATE[42S02]: Base table or view not found: 1146 Table 'streepsoft.pagos' doesn't exist
[20-Jul-2026 16:51:56 America/Bogota] Dashboard: Error obteniendo jugadores con deuda: SQLSTATE[42S22]: Column not found: 1054 Unknown column 'id_jugador' in 'field list'
[20-Jul-2026 16:51:56 America/Bogota] Dashboard: Error obteniendo deuda total: SQLSTATE[42S22]: Column not found: 1054 Unknown column 'monto' in 'field list'
[20-Jul-2026 16:52:04 America/Bogota] Dashboard: Error obteniendo recaudación por mes: SQLSTATE[42S02]: Base table or view not found: 1146 Table 'streepsoft.pagos' doesn't exist
[20-Jul-2026 16:52:04 America/Bogota] Dashboard: Error obteniendo recaudación total: SQLSTATE[42S02]: Base table or view not found: 1146 Table 'streepsoft.pagos' doesn't exist
[20-Jul-2026 16:52:04 America/Bogota] Dashboard: Error obteniendo jugadores con deuda: SQLSTATE[42S22]: Column not found: 1054 Unknown column 'id_jugador' in 'field list'
[20-Jul-2026 16:52:04 America/Bogota] Dashboard: Error obteniendo deuda total: SQLSTATE[42S22]: Column not found: 1054 Unknown column 'monto' in 'field list'
